[put authentication on] failed with rc -3 User does not have OP credentials
