('user1'='user1')
('authentication turned on'='authentication turned on')
