('user2'='user2')
[put authentication off] failed with rc -3 User does not have OP credentials
