('access without password'='access without password')
