(1=1)
[put password 'password3' for 'user3'] failed with rc -3 User does not have OP credentials
