(a=0, b=10, c=100, d=1000, sleep(1)=1)
(a=1, b=11, c=101, d=1001, sleep(1)=1)
(a=2, b=12, c=102, d=1002, sleep(1)=1)
(a=3, b=13, c=103, d=1003, sleep(1)=1)
(a=4, b=14, c=104, d=1004, sleep(1)=1)
(a=5, b=15, c=105, d=1005, sleep(1)=1)
(a=6, b=16, c=106, d=1006, sleep(1)=1)
(a=7, b=17, c=107, d=1007, sleep(1)=1)
(a=8, b=18, c=108, d=1008, sleep(1)=1)
(a=9, b=19, c=109, d=1009, sleep(1)=1)
(a=10, b=20, c=110, d=1010, sleep(1)=1)
(a=11, b=21, c=111, d=1011, sleep(1)=1)
(a=12, b=22, c=112, d=1012, sleep(1)=1)
(a=13, b=23, c=113, d=1013, sleep(1)=1)
(a=14, b=24, c=114, d=1014, sleep(1)=1)
(a=15, b=25, c=115, d=1015, sleep(1)=1)
(a=16, b=26, c=116, d=1016, sleep(1)=1)
(a=17, b=27, c=117, d=1017, sleep(1)=1)
(a=18, b=28, c=118, d=1018, sleep(1)=1)
(a=19, b=29, c=119, d=1019, sleep(1)=1)
(a=20, b=30, c=120, d=1020, sleep(1)=1)
(a=21, b=31, c=121, d=1021, sleep(1)=1)
(a=22, b=32, c=122, d=1022, sleep(1)=1)
(a=23, b=33, c=123, d=1023, sleep(1)=1)
(a=24, b=34, c=124, d=1024, sleep(1)=1)
(a=25, b=35, c=125, d=1025, sleep(1)=1)
(a=26, b=36, c=126, d=1026, sleep(1)=1)
(a=27, b=37, c=127, d=1027, sleep(1)=1)
(a=28, b=38, c=128, d=1028, sleep(1)=1)
(a=29, b=39, c=129, d=1029, sleep(1)=1)
(a=30, b=40, c=130, d=1030, sleep(1)=1)
(a=31, b=41, c=131, d=1031, sleep(1)=1)
(a=32, b=42, c=132, d=1032, sleep(1)=1)
(a=33, b=43, c=133, d=1033, sleep(1)=1)
(a=34, b=44, c=134, d=1034, sleep(1)=1)
(a=35, b=45, c=135, d=1035, sleep(1)=1)
(a=36, b=46, c=136, d=1036, sleep(1)=1)
(a=37, b=47, c=137, d=1037, sleep(1)=1)
(a=38, b=48, c=138, d=1038, sleep(1)=1)
(a=39, b=49, c=139, d=1039, sleep(1)=1)
(a=40, b=50, c=140, d=1040, sleep(1)=1)
(a=41, b=51, c=141, d=1041, sleep(1)=1)
(a=42, b=52, c=142, d=1042, sleep(1)=1)
(a=43, b=53, c=143, d=1043, sleep(1)=1)
(a=44, b=54, c=144, d=1044, sleep(1)=1)
(a=45, b=55, c=145, d=1045, sleep(1)=1)
(a=46, b=56, c=146, d=1046, sleep(1)=1)
(a=47, b=57, c=147, d=1047, sleep(1)=1)
(a=48, b=58, c=148, d=1048, sleep(1)=1)
(a=49, b=59, c=149, d=1049, sleep(1)=1)
(a=50, b=60, c=150, d=1050, sleep(1)=1)
(a=51, b=61, c=151, d=1051, sleep(1)=1)
(a=52, b=62, c=152, d=1052, sleep(1)=1)
(a=53, b=63, c=153, d=1053, sleep(1)=1)
(a=54, b=64, c=154, d=1054, sleep(1)=1)
(a=55, b=65, c=155, d=1055, sleep(1)=1)
(a=56, b=66, c=156, d=1056, sleep(1)=1)
(a=57, b=67, c=157, d=1057, sleep(1)=1)
(a=58, b=68, c=158, d=1058, sleep(1)=1)
(a=59, b=69, c=159, d=1059, sleep(1)=1)
