(rows inserted=1)
(rows inserted=1)
(rows inserted=1)
(rows inserted=1)
(rows inserted=1)
(rows inserted=1)
(cast(dt as TEXT)='1970-01-01T010000.246000 UTC', id=1)
(cast(dt as TEXT)='1970-01-01T010000.246246 UTC', id=2)
(cast(dt as TEXT)='1970-01-01T020000.246000 UTC', id=3)
(cast(dt as TEXT)='2015-02-23T080000.000246 UTC', id=5)
(cast(dt as TEXT)='2015-02-23T080000.246000 UTC', id=4)
(cast(dt as TEXT)='2015-02-23T080000.246246 UTC', id=6)
(cast(dt as TEXT)='2015-02-23T080000.246000 UTC', id=4)
(cast(dt as TEXT)='2015-02-23T080000.000246 UTC', id=5)
(cast(dt as TEXT)='2015-02-23T080000.246246 UTC', id=6)
(cast(dt as TEXT)='1969-12-31T200000.246000 US/Eastern', id=1)
(cast(dt as TEXT)='1969-12-31T200000.246246 US/Eastern', id=2)
(cast(dt as TEXT)='1969-12-31T210000.246000 US/Eastern', id=3)
(cast(dt as TEXT)='2015-02-23T030000.000246 US/Eastern', id=5)
(cast(dt as TEXT)='2015-02-23T030000.246000 US/Eastern', id=4)
(cast(dt as TEXT)='2015-02-23T030000.246246 US/Eastern', id=6)
(rows inserted=1)
(rows inserted=1)
(rows inserted=1)
(rows inserted=1)
(rows inserted=1)
(rows inserted=1)
(rows inserted=1)
(rows inserted=1)
(cast(ds as TEXT)=NULL, id=1)
(cast(ds as TEXT)=NULL, id=2)
(cast(ds as TEXT)=NULL, id=3)
(cast(ds as TEXT)=NULL, id=4)
(cast(ds as TEXT)=NULL, id=5)
(cast(ds as TEXT)=NULL, id=6)
(cast(ds as TEXT)='0 00:00:01.246000', id=10)
(cast(ds as TEXT)='0 00:00:01.246246', id=11)
(cast(ds as TEXT)='0 00:00:10.000000', id=12)
(cast(ds as TEXT)='0 01:00:00.246000', id=7)
(cast(ds as TEXT)='0 01:00:00.246246', id=8)
(cast(ds as TEXT)='0 02:00:00.246000', id=9)
(cast(ds as TEXT)='0 02:04:06.246000', id=14)
(cast(ds as TEXT)='10 00:00:00.123456', id=13)
(cast(ds as TEXT)='0 01:00:00.246000', id=7)
(cast(ds as TEXT)='0 01:00:00.246246', id=8)
(cast(ds as TEXT)='0 02:00:00.246000', id=9)
(cast(ds as TEXT)='0 02:04:06.246000', id=14)
(cast(ds as TEXT)='10 00:00:00.123456', id=13)
(cast(dt as TEXT)='1969-12-31T200000.246000 US/Eastern', cast(ds as TEXT)=NULL, id=1)
(cast(dt as TEXT)='1969-12-31T200000.246246 US/Eastern', cast(ds as TEXT)=NULL, id=2)
(cast(dt as TEXT)='1969-12-31T210000.246000 US/Eastern', cast(ds as TEXT)=NULL, id=3)
(cast(dt as TEXT)='2015-02-23T030000.246000 US/Eastern', cast(ds as TEXT)=NULL, id=4)
(cast(dt as TEXT)='2015-02-23T030000.000246 US/Eastern', cast(ds as TEXT)=NULL, id=5)
(cast(dt as TEXT)='2015-02-23T030000.246246 US/Eastern', cast(ds as TEXT)=NULL, id=6)
(cast(dt as TEXT)=NULL, cast(ds as TEXT)='0 01:00:00.246000', id=7)
(cast(dt as TEXT)=NULL, cast(ds as TEXT)='0 01:00:00.246246', id=8)
(cast(dt as TEXT)=NULL, cast(ds as TEXT)='0 02:00:00.246000', id=9)
(cast(dt as TEXT)=NULL, cast(ds as TEXT)='0 00:00:01.246000', id=10)
(cast(dt as TEXT)=NULL, cast(ds as TEXT)='0 00:00:01.246246', id=11)
(cast(dt as TEXT)=NULL, cast(ds as TEXT)='0 00:00:10.000000', id=12)
(cast(dt as TEXT)=NULL, cast(ds as TEXT)='10 00:00:00.123456', id=13)
(cast(dt as TEXT)=NULL, cast(ds as TEXT)='0 02:04:06.246000', id=14)
(count(*)=6)
