($0='intervalds')
($0='1000')
($0='246246')
($0='datetime')
($0='datetime')
($0='999')
($0='2015')
($0='999999')
($0='0 00:01:01.001')
($0='0 00:01:01.246246')
($0='2015-02-23T095959.999 America/New_York')
($0='2015-02-23T095959.999999 America/New_York')
