(username='default', isOP='N')
(username='mohit', isOP='Y')
