(username='abcd', isOP='N')
(username='dcba', isOP='N')
(username='default', isOP='N')
(username='mohit', isOP='Y')
