(rows inserted=1)
(rows inserted=1)
(rows inserted=1)
(rows inserted=1)
(rows inserted=1)
(rows inserted=1)
(i=1, str='01234567891234567890123456789')
(i=2, str='01234567891234567890123456789')
(i=3, str='01234567891234567890123456789')
(i=4, str='01234567891234567890123456789')
(i=5, str='01234567891234567890123456789')
(i=6, str='01234567891234567890123456789')
(i=1, str='01234567891234567890123456789')
(i=2, str='01234567891234567890123456789')
(i=3, str='01234567891234567890123456789')
(i=4, str='01234567891234567890123456789')
(i=5, str='01234567891234567890123456789')
(i=6, str='01234567891234567890123456789')
(i=1, str='01234567891234567890123456789')
(i=2, str='01234567891234567890123456789')
(i=3, str='01234567891234567890123456789')
(i=4, str='01234567891234567890123456789')
(i=5, str='01234567891234567890123456789')
(i=6, str='01234567891234567890123456789')
(i=1, str='01234567891234567890123456789')
(i=2, str='01234567891234567890123456789')
(i=3, str='01234567891234567890123456789')
(i=4, str='01234567891234567890123456789')
(i=5, str='01234567891234567890123456789')
(i=6, str='01234567891234567890123456789')
