(rows inserted=1)
(rows inserted=1)
(rows inserted=1)
(rows inserted=1)
(rows inserted=1)
(rows inserted=1)
(i=1, blb=x'012345678901234567890123456789')
(i=2, blb=x'012345678901234567890123456789')
(i=3, blb=x'012345678901234567890123456789')
(i=4, blb=x'012345678901234567890123456789')
(i=5, blb=x'012345678901234567890123456789')
(i=6, blb=x'012345678901234567890123456789')
(i=1, blb=x'012345678901234567890123456789')
(i=2, blb=x'012345678901234567890123456789')
(i=3, blb=x'012345678901234567890123456789')
(i=4, blb=x'012345678901234567890123456789')
(i=5, blb=x'012345678901234567890123456789')
(i=6, blb=x'012345678901234567890123456789')
(i=1, blb=x'012345678901234567890123456789')
(i=2, blb=x'012345678901234567890123456789')
(i=3, blb=x'012345678901234567890123456789')
(i=4, blb=x'012345678901234567890123456789')
(i=5, blb=x'012345678901234567890123456789')
(i=6, blb=x'012345678901234567890123456789')
(i=1, blb=x'012345678901234567890123456789')
(i=2, blb=x'012345678901234567890123456789')
(i=3, blb=x'012345678901234567890123456789')
(i=4, blb=x'012345678901234567890123456789')
(i=5, blb=x'012345678901234567890123456789')
(i=6, blb=x'012345678901234567890123456789')
