(rows inserted=1)
(rows inserted=1)
(length(data)=6, length(inline_data)=6)
(length(data)=6, length(inline_data)=6)
(length(data)=6, length(inline_data)=6)
(length(data)=NULL, length(inline_data)=4)
(length(data)=4, length(inline_data)=4)
