(a=37)
(a=NULL)
(a=NULL)
(a=NULL)
(a=NULL)
(a=NULL)
(a=NULL)
(a=NULL)
(a=NULL)
(a=NULL)
(a=NULL)
(a=NULL)
(a=NULL)
(a=NULL)
(a=NULL)
(a=NULL)
(a=NULL)
(a=NULL)
(a=NULL)
(a=NULL)
(a=NULL)
(a=NULL)
(a=NULL)
(a=NULL)
(a=NULL)
(a=NULL)
(a=NULL)
(a=NULL)
(a=NULL)
(a=NULL)
(a=NULL)
(a=NULL)
(a=NULL)
(a=NULL)
(a=NULL)
(a=NULL)
(a=NULL)
(a=NULL)
(a=NULL)
(a=NULL)
(a=NULL)
(a=NULL)
(a=NULL)
(a=NULL)
(a=NULL)
(a=NULL)
(a=NULL)
(a=NULL)
(a=NULL)
(a=NULL)
(a=NULL)
(a=NULL)
(a=NULL)
(a=NULL)
(a=NULL)
(a=NULL)
(a=NULL)
(a=NULL)
(a=NULL)
(a=NULL)
(a=NULL)
(a=NULL)
(a=NULL)
(a=NULL)
(a=NULL)
(a=NULL)
(a=NULL)
(a=NULL)
(a=NULL)
(a=NULL)
(a=NULL)
(a=NULL)
(a=NULL)
(a=NULL)
(a=NULL)
(a=37)
(rows inserted=1)
(rows inserted=1)
(a=NULL)
(a=NULL)
(a=NULL)
(a=NULL)
(a=NULL)
(a=NULL)
(a=NULL)
(a=NULL)
(a=NULL)
(a=NULL)
(a=NULL)
(a=NULL)
(a=NULL)
(a=NULL)
(a=NULL)
(a=NULL)
(a=NULL)
(a=NULL)
(a=NULL)
(a=NULL)
(a=NULL)
(a=NULL)
(a=NULL)
(a=NULL)
(a=NULL)
(a=NULL)
(a=NULL)
(a=NULL)
(a=NULL)
(a=NULL)
(a=NULL)
(a=NULL)
(a=NULL)
(a=NULL)
(a=NULL)
(a=NULL)
(a=NULL)
(a=37)
(a=-99)
(a=39)
(a=-99)
(a=37)
(a=39)
(a=NULL)
(a=NULL)
(a=NULL)
(a=NULL)
(a=NULL)
(a=NULL)
(a=NULL)
(a=NULL)
(a=NULL)
(a=NULL)
(a=NULL)
(a=NULL)
(a=NULL)
(a=NULL)
(a=NULL)
(a=NULL)
(a=NULL)
(a=NULL)
(a=NULL)
(a=NULL)
(a=NULL)
(a=NULL)
(a=NULL)
(a=NULL)
(a=NULL)
(a=NULL)
(a=NULL)
(a=NULL)
(a=NULL)
(a=NULL)
(a=NULL)
(a=NULL)
(a=NULL)
(a=NULL)
(a=NULL)
(a=NULL)
(a=NULL)
